// Jest Snapshot v1, https://goo.gl/fbAQLP

exports[` 1`] = `ShallowWrapper {}`;

exports[`Doing a component test first component test 1`] = `ShallowWrapper {}`;
